02_読書メモ/達人に学ぶSQL徹底指南書 第2版 初級者で終わりたくないあなたへ CodeZine BOOKS-ミック.md
Books/図解眠れなくなるほど面白い社会心理学.md
Books/すべての道はローマに通ず.md
Books/パクス・ロマーナ 中.md
02_読書メモ/男女脳戦略。- メンタリスト DaiGo.md
Books/財務3表一体理解法.md
Books/財務3表図解分析法.md
Books/SQL緊急救命室 _ 非効率なコードを改善せよ!.md
Books/ローマ帝国 _ ココがすごい!永遠の都ローマ _ 『永遠の都ローマ展』『テルマエ展』美術展の観どころ徹底紹介!.md
02_読書メモ/ようこそ実力至上主義の教室へ　２年生編２- 衣笠彰梧 and トモセ シュンサク.md
02_読書メモ/傷のあわい- 宮地尚子.md
Books/小泉八雲　「見えない日本」を見た人.md
Books/基本・応用・凄技が一冊に詰まったもっと使いこなすためのExcel厳選テクニック = Selected Techniques for Excel.md
02_読書メモ/花王の経理パーソンになる- 吉田栄介 and 花王株式会社会計財務部門.md
02_読書メモ/重慶001はじめての重慶　～内陸中国、第４の「直轄市」 まちごとチャイナ- 「アジア城市（まち）案内」制作委員会.md
Books/危機と克服 中.md
02_読書メモ/日商簿記2級○×式一問一答問題集- 近藤孝之.md
02_読書メモ/ホントにゼロからの簿記３級 『ふくしままさゆきのホントに』シリーズ- ふくしままさゆき.md
02_読書メモ/重慶004大足　～天国と地獄の「石刻絵巻」 まちごとチャイナ- 「アジア城市(まち)案内」制作委員会.md
02_読書メモ/ザ・ゴール- エリヤフ ゴールドラット, 三本木 亮, and 稲垣 公夫.md
Books/運命の絵 [3].md
02_読書メモ/影響力の武器 ロバートチャルディーニ.md
02_読書メモ/未来型国家エストニアの挑戦 　電子政府がひらく世界- ラウル アリキヴィ and 前田 陽二.md
Books/コンサル一年目が学ぶこと.md
02_読書メモ/仮説思考―ＢＣＧ流　問題発見・解決の発想法 内田和成の思考- 内田 和成.md
Books/勝者の混迷 下.md
02_読書メモ/「小池劇場」が日本を滅ぼす- 有本香.md
Books/終わりの始まり 中.md
Books/イシューからはじめよ _ 知的生産の「シンプルな本質」.md
02_読書メモ/貧しい金持ち、豊かな貧乏人　賢い安上がりな生き方８０の秘訣- ひろゆき（西村博之）.md
02_読書メモ/ヤマケイ文庫 長野県警 レスキュー最前線- 長野県警察山岳遭難救助隊編.md
02_読書メモ/医学不要論- 内海 聡.md
Books/リファクタリング・ウェットウェア _ 達人プログラマーの思考法と学習法.md
Books/悪名高き皇帝たち. 2.md
Books/キクタン中国語 _ 聞いて覚える中国語単語帳 入門編.md
02_読書メモ/楽しくなければ仕事じゃない―「今やっていること」がどんどん「好きで得意」になる働き方の教科書- 干場 弓子.md
